Microchip MPLAB XC8 Compiler V2.40

Linker command line:

-W-3 \
  --edf=C:\Program Files\Microchip\xc8\v2.40\pic\dat\20220703182018_en.msgs \
  -cn -h+dist/default/production\first_trial.X.production.sym \
  --cmf=dist/default/production\first_trial.X.production.cmf -z -Q18F45K50 \
  -oC:\Users\ISHWAE~1\AppData\Local\Temp\xcAske4.4 --defsym=__MPLAB_BUILD=1 \
  --fixupoverflow=error \
  -Mdist/default/production/first_trial.X.production.map \
  --md=C:\Users\ISHWAE~1\AppData\Local\Temp\xcAske4.dat -E1 \
  -ver=XC8 Compiler --acfsm=1493 -ACODE=00h-07FFFh -ACONST=00h-07FFFh \
  -ASMALLCONST=0800h-08FFhx120 -AMEDIUMCONST=0800h-07FFFh -ACOMRAM=01h-05Fh \
  -AABS1=00h-07FFh -ABIGRAM=01h-07FFh -ARAM=060h-0FFh,0100h-01FFhx7 \
  -ABANK0=060h-0FFh -ABANK1=0100h-01FFh -ABANK2=0200h-02FFh \
  -ABANK3=0300h-03FFh -ABANK4=0400h-04FFh -ABANK5=0500h-05FFh \
  -ABANK6=0600h-06FFh -ABANK7=0700h-07FFh -ASFR=0F53h-0F5Fh,0F60h-0FFFh \
  -ABIGSFR=0F53h-0FFFh -ACONFIG=0300000h-030000Dh -AIDLOC=0200000h-0200007h \
  -AEEDATA=0F00000h-0F000FFh -peeprom_data=EEDATA \
  -preset_vec=00h,intcode=08h,intcodelo,powerup,init -pramtop=0800h \
  -psmallconst=SMALLCONST -pmediumconst=MEDIUMCONST -pconst=CONST \
  -AFARRAM=00h-00h \
  -prdata=COMRAM,nvrram=COMRAM,nvbit=COMRAM,rbss=COMRAM,rbit=COMRAM \
  -pfarbss=FARRAM,fardata=FARRAM,nvFARRAM=FARRAM \
  -pintsave_regs=BIGRAM,bigbss=BIGRAM,bigdata=BIGRAM -pbss=RAM \
  -pidata=CODE,irdata=CODE,ibigdata=CODE,ifardata=CODE -prparam=COMRAM \
  C:\Users\ISHWAE~1\AppData\Local\Temp\xcAske4.o \
  dist/default/production\first_trial.X.production.o 

Object code version is 3.11

Machine type is 18F45K50



                Name                               Link     Load   Length Selector   Space Scale
C:\Users\ISHWAE~1\AppData\Local\Temp\xcAske4.o
                idloc                            200000   200000        8        0       5
                config                           300000   300000        E        0       4
                init                                144      144        4        4       0
                reset_vec                             0        0        4        0       0
dist/default/production\first_trial.X.production.o
                intcode                               8        8      13C        4       0
                idloc                            200000   200000        8        0       5
                config                           300000   300000        E        0       4
                temp                                 59       59        1        1       1
                smallconst                          800      800       22      400       0
                text70                             33EA     33EA       2A      411       0
                text69                             35AC     35AC        6      411       0
                text68                             35C2     35C2        2      411       0
                text67                             35A6     35A6        6      411       0
                text66                             2AEA     2AEA       C6      411       0
                text65                             31EA     31EA       40      411       0
                text64                             35C0     35C0        2      411       0
                text63                             338E     338E       30      411       0
                text62                             343C     343C       28      411       0
                text61                             35BE     35BE        2      411       0
                text60                             335E     335E       30      411       0
                text59                             359E     359E        8      411       0
                text58                             35BC     35BC        2      411       0
                text57                             332E     332E       30      411       0
                text56                             3596     3596        8      411       0
                text55                             35BA     35BA        2      411       0
                text54                             32FE     32FE       30      411       0
                text53                             32CC     32CC       32      411       0
                text51                             34E2     34E2       16      411       0
                text50                             358C     358C        A      411       0
                text49                             3582     3582        A      411       0
                text48                             3578     3578        A      411       0
                text47                             356E     356E        A      411       0
                text46                             3564     3564        A      411       0
                text45                             2E2E     2E2E       74      411       0
                text44                             355A     355A        A      411       0
                text43                             3550     3550        A      411       0
                text42                             3546     3546        A      411       0
                text41                             3262     3262       38      411       0
                text40                             35B6     35B6        4      411       0
                text39                             3520     3520       12      411       0
                text38                             3128     3128       42      411       0
                text37                             353C     353C        A      411       0
                text36                             348A     348A       22      411       0
                text35                             34AC     34AC       1E      411       0
                text34                             350C     350C       14      411       0
                text33                             34F8     34F8       14      411       0
                text32                             34CA     34CA       18      411       0
                text31                             35B2     35B2        4      411       0
                text30                             31AA     31AA       40      411       0
                text29                             27F2     27F2      104      411       0
                text28                             2BB0     2BB0       C4      411       0
                text27                             1702     1702      42A      411       0
                text26                             23EE     23EE      1B4      411       0
                text25                             2F08     2F08       58      411       0
                text24                             3464     3464       26      411       0
                text23                             33BE     33BE       2C      411       0
                text22                             309E     309E       46      411       0
                text21                             25A2     25A2      14A      411       0
                text20                             1B2C     1B2C      39A      411       0
                text19                             2C74     2C74       AA      411       0
                text18                             322A     322A       38      411       0
                text17                             1242     1242      4C0      411       0
                text16                             3058     3058       46      411       0
                text15                             26EC     26EC      106      411       0
                text14                             28F6     28F6       FE      411       0
                text13                             21DC     21DC      212      411       0
                text12                             2EA2     2EA2       66      411       0
                text11                             3008     3008       50      411       0
                text10                             2F60     2F60       56      411       0
                text9                              3532     3532        A      411       0
                text8                              2D1E     2D1E       96      411       0
                text7                              30E4     30E4       44      411       0
                text6                              2DB4     2DB4       7A      411       0
                text5                              316A     316A       40      411       0
                text4                               822      822      A20      411       0
                text3                              1EC6     1EC6      316      411       0
                text2                              2FB6     2FB6       52      411       0
                text1                              3414     3414       28      411       0
                text0                              29F4     29F4       F6      411       0
                cstackCOMRAM                          1        1       4F        1       1
                cstackBANK0                          60       60       74       60       1
                bssBANK1                            100      100       80      100       1
                bssBANK0                             E6       E6       11       60       1
                bssCOMRAM                            50       50        8        1       1
                cinit                              329A     329A       32      411       0
                nvBANK0                              D4       D4       12       60       1
                nvCOMRAM                             58       58        1        1       1

TOTAL           Name                               Link     Load   Length     Space
        CLASS   CODE           
                intcode                               8        8      13C         0
                init                                144      144        4         0
                reset_vec                             0        0        4         0
                text70                             33EA     33EA       2A         0
                text69                             35AC     35AC        6         0
                text68                             35C2     35C2        2         0
                text67                             35A6     35A6        6         0
                text66                             2AEA     2AEA       C6         0
                text65                             31EA     31EA       40         0
                text64                             35C0     35C0        2         0
                text63                             338E     338E       30         0
                text62                             343C     343C       28         0
                text61                             35BE     35BE        2         0
                text60                             335E     335E       30         0
                text59                             359E     359E        8         0
                text58                             35BC     35BC        2         0
                text57                             332E     332E       30         0
                text56                             3596     3596        8         0
                text55                             35BA     35BA        2         0
                text54                             32FE     32FE       30         0
                text53                             32CC     32CC       32         0
                text51                             34E2     34E2       16         0
                text50                             358C     358C        A         0
                text49                             3582     3582        A         0
                text48                             3578     3578        A         0
                text47                             356E     356E        A         0
                text46                             3564     3564        A         0
                text45                             2E2E     2E2E       74         0
                text44                             355A     355A        A         0
                text43                             3550     3550        A         0
                text42                             3546     3546        A         0
                text41                             3262     3262       38         0
                text40                             35B6     35B6        4         0
                text39                             3520     3520       12         0
                text38                             3128     3128       42         0
                text37                             353C     353C        A         0
                text36                             348A     348A       22         0
                text35                             34AC     34AC       1E         0
                text34                             350C     350C       14         0
                text33                             34F8     34F8       14         0
                text32                             34CA     34CA       18         0
                text31                             35B2     35B2        4         0
                text30                             31AA     31AA       40         0
                text29                             27F2     27F2      104         0
                text28                             2BB0     2BB0       C4         0
                text27                             1702     1702      42A         0
                text26                             23EE     23EE      1B4         0
                text25                             2F08     2F08       58         0
                text24                             3464     3464       26         0
                text23                             33BE     33BE       2C         0
                text22                             309E     309E       46         0
                text21                             25A2     25A2      14A         0
                text20                             1B2C     1B2C      39A         0
                text19                             2C74     2C74       AA         0
                text18                             322A     322A       38         0
                text17                             1242     1242      4C0         0
                text16                             3058     3058       46         0
                text15                             26EC     26EC      106         0
                text14                             28F6     28F6       FE         0
                text13                             21DC     21DC      212         0
                text12                             2EA2     2EA2       66         0
                text11                             3008     3008       50         0
                text10                             2F60     2F60       56         0
                text9                              3532     3532        A         0
                text8                              2D1E     2D1E       96         0
                text7                              30E4     30E4       44         0
                text6                              2DB4     2DB4       7A         0
                text5                              316A     316A       40         0
                text4                               822      822      A20         0
                text3                              1EC6     1EC6      316         0
                text2                              2FB6     2FB6       52         0
                text1                              3414     3414       28         0
                text0                              29F4     29F4       F6         0
                cinit                              329A     329A       32         0

        CLASS   CONST          

        CLASS   SMALLCONST     
                smallconst                          800      800       22         0

        CLASS   MEDIUMCONST    

        CLASS   COMRAM         
                temp                                 59       59        1         1
                cstackCOMRAM                          1        1       4F         1
                bssCOMRAM                            50       50        8         1
                nvCOMRAM                             58       58        1         1

        CLASS   ABS1           

        CLASS   BIGRAM         

        CLASS   RAM            

        CLASS   BANK0          
                cstackBANK0                          60       60       74         1
                bssBANK0                             E6       E6       11         1
                nvBANK0                              D4       D4       12         1

        CLASS   BANK1          
                bssBANK1                            100      100       80         1

        CLASS   BANK2          

        CLASS   BANK3          

        CLASS   BANK4          

        CLASS   BANK5          

        CLASS   BANK6          

        CLASS   BANK7          

        CLASS   SFR            

        CLASS   BIGSFR         

        CLASS   CONFIG         
                config                           300000   300000        E         4

        CLASS   IDLOC          
                idloc                            200000   200000        8         5

        CLASS   EEDATA         

        CLASS   FARRAM         

        CLASS   HEAP           

        CLASS   STACK          



SEGMENTS        Name                           Load    Length   Top    Selector   Space  Class

                reset_vec                      000000  000004  000004         0       0  CODE    
                cstackCOMRAM                   000001  000059  00005A         1       1  COMRAM  
                intcode                        000008  000140  000148         4       0  CODE    
                cstackBANK0                    000060  000097  0000F7        60       1  BANK0   
                bssBANK1                       000100  000080  000180       100       1  BANK1   
                smallconst                     000800  000022  000822       400       0  SMALLCON
                text4                          000822  002DA2  0035C4       411       0  CODE    


UNUSED ADDRESS RANGES

        Name                Unused          Largest block    Delta
        BANK0            0000F7-0000FF                9
        BANK1            000180-0001FF               80
        BANK2            000200-0002FF              100
        BANK3            000300-0003FF              100
        BANK4            000400-0004FF              100
        BANK5            000500-0005FF              100
        BANK6            000600-0006FF              100
        BANK7            000700-0007FF              100
        BIGRAM           00005A-00005F                6
                         0000F7-0000FF                9
                         000180-0007FF              680
        BIGSFR           000F53-000FFF               AD
        CODE             000004-000007                4
                         000148-0007FF              6B8
                         0035C4-007FFF             4A3C
        COMRAM           00005A-00005F                6
        CONST            000004-000007                4
                         000148-0007FF              6B8
                         0035C4-007FFF             4A3C
        EEDATA           F00000-F000FF              100
        MEDIUMCONST      0035C4-007FFF             4A3C
        RAM              0000F7-0000FF                9
                         000180-0007FF              100
        SFR              000F53-000FFF                D
        SMALLCONST       0035C4-007FFF              100

                                  Symbol Table

?_ADC_GetConversionResult                       cstackCOMRAM 000006
?___fladd                                       cstackCOMRAM 000006
?___fldiv                                       cstackCOMRAM 000006
?___flmul                                       cstackCOMRAM 000014
?___flneg                                       cstackCOMRAM 000006
?___flsub                                       cstackCOMRAM 00002D
?___fltol                                       cstackCOMRAM 000006
?___fpclassifyf                                 cstackCOMRAM 000006
?___wmul                                        cstackCOMRAM 000006
?___xxtofl                                      cstackCOMRAM 000006
?_adcCal                                        cstackCOMRAM 00000A
?_adcMax                                        cstackCOMRAM 000039
?_atoi                                          cstackCOMRAM 00000C
?_convertValue                                  cstackCOMRAM 00002D
?_floorf                                        cstackCOMRAM 00001F
?_isdigit                                       cstackCOMRAM 000006
?_isspace                                       cstackCOMRAM 000006
?_labs                                          cstackCOMRAM 000006
?_printf                                        cstackBANK0  00009A
?_vfprintf                                      cstackBANK0  000092
ADC_SelectChannel@channel                       cstackCOMRAM 000007
EUSART1_SetErrorHandler@interruptHandler        cstackCOMRAM 000006
EUSART1_SetFramingErrorHandler@interruptHandler cstackCOMRAM 000006
EUSART1_SetOverrunErrorHandler@interruptHandler cstackCOMRAM 000006
EUSART1_SetRxInterruptHandler@interruptHandler  cstackCOMRAM 000006
EUSART1_SetTxInterruptHandler@interruptHandler  cstackCOMRAM 000006
EUSART1_Write@txData                            cstackCOMRAM 000006
INT0_SetInterruptHandler@InterruptHandler       cstackCOMRAM 000006
INT1_SetInterruptHandler@InterruptHandler       cstackCOMRAM 000006
INT2_SetInterruptHandler@InterruptHandler       cstackCOMRAM 000006
TMR0_SetInterruptHandler@InterruptHandler       cstackCOMRAM 000006
_ACTCON                                         (abs)        000FB5
_ADCON0                                         (abs)        000FC2
_ADCON0bits                                     (abs)        000FC2
_ADCON1                                         (abs)        000FC1
_ADCON2                                         (abs)        000FC0
_ADC_GetConversionResult                        text34       00350C
_ADC_Initialize                                 text51       0034E2
_ADC_InterruptHandler                           bssBANK0     0000F2
_ADC_IsConversionDone                           text33       0034F8
_ADC_SelectChannel                              text32       0034CA
_ADC_StartConversion                            text31       0035B2
_ADRESH                                         (abs)        000FC4
_ADRESL                                         (abs)        000FC3
_ANSELA                                         (abs)        000F5B
_ANSELB                                         (abs)        000F5C
_ANSELC                                         (abs)        000F5D
_ANSELD                                         (abs)        000F5E
_ANSELE                                         (abs)        000F5F
_BAUDCON1                                       (abs)        000FB8
_EUSART1_DefaultErrorHandler                    text69       0035AC
_EUSART1_DefaultFramingErrorHandler             text68       0035C2
_EUSART1_DefaultOverrunErrorHandler             text67       0035A6
_EUSART1_ErrorHandler                           nvBANK0      0000DA
_EUSART1_FramingErrorHandler                    nvBANK0      0000DE
_EUSART1_Initialize                             text45       002E2E
_EUSART1_OverrunErrorHandler                    nvBANK0      0000DC
_EUSART1_Receive_ISR                            text66       002AEA
_EUSART1_RxDataHandler                          text70       0033EA
_EUSART1_RxDefaultInterruptHandler              nvBANK0      0000E2
_EUSART1_SetErrorHandler                        text50       00358C
_EUSART1_SetFramingErrorHandler                 text49       003582
_EUSART1_SetOverrunErrorHandler                 text48       003578
_EUSART1_SetRxInterruptHandler                  text47       00356E
_EUSART1_SetTxInterruptHandler                  text46       003564
_EUSART1_Transmit_ISR                           text65       0031EA
_EUSART1_TxDefaultInterruptHandler              nvBANK0      0000E4
_EUSART1_Write                                  text10       002F60
_EXT_INT_Initialize                             text41       003262
_INT0_CallBack                                  text63       00338E
_INT0_DefaultInterruptHandler                   text64       0035C0
_INT0_ISR                                       text62       00343C
_INT0_InterruptHandler                          nvBANK0      0000D8
_INT0_SetInterruptHandler                       text44       00355A
_INT1_CallBack                                  text60       00335E
_INT1_DefaultInterruptHandler                   text61       0035BE
_INT1_ISR                                       text59       00359E
_INT1_InterruptHandler                          nvBANK0      0000D6
_INT1_SetInterruptHandler                       text43       003550
_INT2_CallBack                                  text57       00332E
_INT2_DefaultInterruptHandler                   text58       0035BC
_INT2_ISR                                       text56       003596
_INT2_InterruptHandler                          nvBANK0      0000D4
_INT2_SetInterruptHandler                       text42       003546
_INTCON2bits                                    (abs)        000FF1
_INTCON3bits                                    (abs)        000FF0
_INTCONbits                                     (abs)        000FF2
_INTERRUPT_Initialize                           text40       0035B6
_INTERRUPT_InterruptManager                     intcode      000008
_LATA                                           (abs)        000F89
_LATB                                           (abs)        000F8A
_LATC                                           (abs)        000F8B
_LATD                                           (abs)        000F8C
_LATE                                           (abs)        000F8D
_OSCCON                                         (abs)        000FD3
_OSCCON2                                        (abs)        000FD2
_OSCILLATOR_Initialize                          text39       003520
_OSCTUNE                                        (abs)        000F9B
_PIE1bits                                       (abs)        000F9D
_PIN_MANAGER_Initialize                         text38       003128
_PIR1bits                                       (abs)        000F9E
_PORTDbits                                      (abs)        000F83
_RCONbits                                       (abs)        000FD0
_RCREG1                                         (abs)        000FAE
_RCSTA1                                         (abs)        000FAB
_RCSTA1bits                                     (abs)        000FAB
_SPBRG1                                         (abs)        000FAF
_SPBRGH1                                        (abs)        000FB0
_SYSTEM_Initialize                              text35       0034AC
_T0CON                                          (abs)        000FD5
_T0CONbits                                      (abs)        000FD5
_TMR0H                                          (abs)        000FD7
_TMR0L                                          (abs)        000FD6
_TMR0_CallBack                                  text54       0032FE
_TMR0_DefaultInterruptHandler                   text55       0035BA
_TMR0_ISR                                       text53       0032CC
_TMR0_Initialize                                text36       00348A
_TMR0_InterruptHandler                          nvBANK0      0000E0
_TMR0_SetInterruptHandler                       text37       00353C
_TRISA                                          (abs)        000F92
_TRISB                                          (abs)        000F93
_TRISC                                          (abs)        000F94
_TRISD                                          (abs)        000F95
_TRISE                                          (abs)        000F96
_TXREG1                                         (abs)        000FAD
_TXSTA1                                         (abs)        000FAC
_TXSTA1bits                                     (abs)        000FAC
_WPUB                                           (abs)        000F85
__HRAM                                          (abs)        000000
__Habs1                                         abs1         000000
__Hbank0                                        bank0        000000
__Hbank1                                        bank1        000000
__Hbank2                                        bank2        000000
__Hbank3                                        bank3        000000
__Hbank4                                        bank4        000000
__Hbank5                                        bank5        000000
__Hbank6                                        bank6        000000
__Hbank7                                        bank7        000000
__Hbigbss                                       bigbss       000000
__Hbigdata                                      bigdata      000000
__Hbigram                                       bigram       000000
__Hbigsfr                                       bigsfr       000000
__Hbss                                          bss          000000
__HbssBANK0                                     bssBANK0     000000
__HbssBANK1                                     bssBANK1     000000
__HbssCOMRAM                                    bssCOMRAM    000000
__Hcinit                                        cinit        000000
__Hclrtext                                      clrtext      000000
__Hcomram                                       comram       000000
__Hconfig                                       config       30000E
__Hconst                                        const        000000
__HcstackBANK0                                  cstackBANK0  000000
__HcstackCOMRAM                                 cstackCOMRAM 000000
__Hdata                                         data         000000
__Heeprom_data                                  eeprom_data  000000
__Hfarbss                                       farbss       000000
__Hfardata                                      fardata      000000
__Hheap                                         heap         000000
__Hibigdata                                     ibigdata     000000
__Hidata                                        idata        000000
__Hidloc                                        idloc        200008
__Hifardata                                     ifardata     000000
__Hinit                                         init         000148
__Hintcode                                      intcode      000144
__Hintcode_body                                 intcode_body 000000
__Hintcodelo                                    intcodelo    000144
__Hintentry                                     intentry     000000
__Hintret                                       intret       000000
__Hintsave_regs                                 intsave_regs 000000
__Hirdata                                       irdata       000000
__Hmediumconst                                  mediumconst  000000
__HnvBANK0                                      nvBANK0      000000
__HnvCOMRAM                                     nvCOMRAM     000000
__HnvFARRAM                                     nvFARRAM     000000
__Hnvbit                                        nvbit        000000
__Hnvrram                                       nvrram       000000
__Hparam                                        rparam       000000
__Hpowerup                                      powerup      000144
__Hram                                          ram          000000
__Hramtop                                       ramtop       000800
__Hrbit                                         rbit         000000
__Hrbss                                         rbss         000000
__Hrdata                                        rdata        000000
__Hreset_vec                                    reset_vec    000004
__Hrparam                                       rparam       000000
__Hsfr                                          sfr          000000
__Hsmallconst                                   smallconst   000822
__Hspace_0                                      (abs)        0035C4
__Hspace_1                                      (abs)        000180
__Hspace_2                                      (abs)        000000
__Hspace_4                                      (abs)        60000E
__Hstack                                        stack        000000
__Hstruct                                       struct       000000
__Htemp                                         temp         00005A
__Htext                                         text         000000
__Htext0                                        text0        000000
__Htext1                                        text1        000000
__Htext10                                       text10       000000
__Htext11                                       text11       000000
__Htext12                                       text12       000000
__Htext13                                       text13       000000
__Htext14                                       text14       000000
__Htext15                                       text15       000000
__Htext16                                       text16       000000
__Htext17                                       text17       000000
__Htext18                                       text18       000000
__Htext19                                       text19       000000
__Htext2                                        text2        000000
__Htext20                                       text20       000000
__Htext21                                       text21       000000
__Htext22                                       text22       000000
__Htext23                                       text23       000000
__Htext24                                       text24       000000
__Htext25                                       text25       000000
__Htext26                                       text26       000000
__Htext27                                       text27       000000
__Htext28                                       text28       000000
__Htext29                                       text29       000000
__Htext3                                        text3        000000
__Htext30                                       text30       000000
__Htext31                                       text31       000000
__Htext32                                       text32       000000
__Htext33                                       text33       000000
__Htext34                                       text34       000000
__Htext35                                       text35       000000
__Htext36                                       text36       000000
__Htext37                                       text37       000000
__Htext38                                       text38       000000
__Htext39                                       text39       000000
__Htext4                                        text4        000000
__Htext40                                       text40       000000
__Htext41                                       text41       000000
__Htext42                                       text42       000000
__Htext43                                       text43       000000
__Htext44                                       text44       000000
__Htext45                                       text45       000000
__Htext46                                       text46       000000
__Htext47                                       text47       000000
__Htext48                                       text48       000000
__Htext49                                       text49       000000
__Htext5                                        text5        000000
__Htext50                                       text50       000000
__Htext51                                       text51       000000
__Htext53                                       text53       000000
__Htext54                                       text54       000000
__Htext55                                       text55       000000
__Htext56                                       text56       000000
__Htext57                                       text57       000000
__Htext58                                       text58       000000
__Htext59                                       text59       000000
__Htext6                                        text6        000000
__Htext60                                       text60       000000
__Htext61                                       text61       000000
__Htext62                                       text62       000000
__Htext63                                       text63       000000
__Htext64                                       text64       000000
__Htext65                                       text65       000000
__Htext66                                       text66       000000
__Htext67                                       text67       000000
__Htext68                                       text68       000000
__Htext69                                       text69       000000
__Htext7                                        text7        000000
__Htext70                                       text70       000000
__Htext71                                       text71       000000
__Htext8                                        text8        000000
__Htext9                                        text9        000000
__LRAM                                          (abs)        000001
__Labs1                                         abs1         000000
__Lbank0                                        bank0        000000
__Lbank1                                        bank1        000000
__Lbank2                                        bank2        000000
__Lbank3                                        bank3        000000
__Lbank4                                        bank4        000000
__Lbank5                                        bank5        000000
__Lbank6                                        bank6        000000
__Lbank7                                        bank7        000000
__Lbigbss                                       bigbss       000000
__Lbigdata                                      bigdata      000000
__Lbigram                                       bigram       000000
__Lbigsfr                                       bigsfr       000000
__Lbss                                          bss          000000
__LbssBANK0                                     bssBANK0     000000
__LbssBANK1                                     bssBANK1     000000
__LbssCOMRAM                                    bssCOMRAM    000000
__Lcinit                                        cinit        000000
__Lclrtext                                      clrtext      000000
__Lcomram                                       comram       000000
__Lconfig                                       config       000000
__Lconst                                        const        000000
__LcstackBANK0                                  cstackBANK0  000000
__LcstackCOMRAM                                 cstackCOMRAM 000000
__Ldata                                         data         000000
__Leeprom_data                                  eeprom_data  000000
__Lfarbss                                       farbss       000000
__Lfardata                                      fardata      000000
__Lheap                                         heap         000000
__Libigdata                                     ibigdata     000000
__Lidata                                        idata        000000
__Lidloc                                        idloc        000000
__Lifardata                                     ifardata     000000
__Linit                                         init         000144
__Lintcode                                      intcode      000008
__Lintcode_body                                 intcode_body 000000
__Lintcodelo                                    intcodelo    000144
__Lintentry                                     intentry     000000
__Lintret                                       intret       000000
__Lintsave_regs                                 intsave_regs 000000
__Lirdata                                       irdata       000000
__Lmediumconst                                  mediumconst  000000
__LnvBANK0                                      nvBANK0      000000
__LnvCOMRAM                                     nvCOMRAM     000000
__LnvFARRAM                                     nvFARRAM     000000
__Lnvbit                                        nvbit        000000
__Lnvrram                                       nvrram       000000
__Lparam                                        rparam       000000
__Lpowerup                                      powerup      000144
__Lram                                          ram          000000
__Lramtop                                       ramtop       000800
__Lrbit                                         rbit         000000
__Lrbss                                         rbss         000000
__Lrdata                                        rdata        000000
__Lreset_vec                                    reset_vec    000000
__Lrparam                                       rparam       000000
__Lsfr                                          sfr          000000
__Lsmallconst                                   smallconst   000800
__Lspace_0                                      (abs)        000000
__Lspace_1                                      (abs)        000000
__Lspace_2                                      (abs)        000000
__Lspace_4                                      (abs)        000000
__Lstack                                        stack        000000
__Lstruct                                       struct       000000
__Ltemp                                         temp         000059
__Ltext                                         text         000000
__Ltext0                                        text0        000000
__Ltext1                                        text1        000000
__Ltext10                                       text10       000000
__Ltext11                                       text11       000000
__Ltext12                                       text12       000000
__Ltext13                                       text13       000000
__Ltext14                                       text14       000000
__Ltext15                                       text15       000000
__Ltext16                                       text16       000000
__Ltext17                                       text17       000000
__Ltext18                                       text18       000000
__Ltext19                                       text19       000000
__Ltext2                                        text2        000000
__Ltext20                                       text20       000000
__Ltext21                                       text21       000000
__Ltext22                                       text22       000000
__Ltext23                                       text23       000000
__Ltext24                                       text24       000000
__Ltext25                                       text25       000000
__Ltext26                                       text26       000000
__Ltext27                                       text27       000000
__Ltext28                                       text28       000000
__Ltext29                                       text29       000000
__Ltext3                                        text3        000000
__Ltext30                                       text30       000000
__Ltext31                                       text31       000000
__Ltext32                                       text32       000000
__Ltext33                                       text33       000000
__Ltext34                                       text34       000000
__Ltext35                                       text35       000000
__Ltext36                                       text36       000000
__Ltext37                                       text37       000000
__Ltext38                                       text38       000000
__Ltext39                                       text39       000000
__Ltext4                                        text4        000000
__Ltext40                                       text40       000000
__Ltext41                                       text41       000000
__Ltext42                                       text42       000000
__Ltext43                                       text43       000000
__Ltext44                                       text44       000000
__Ltext45                                       text45       000000
__Ltext46                                       text46       000000
__Ltext47                                       text47       000000
__Ltext48                                       text48       000000
__Ltext49                                       text49       000000
__Ltext5                                        text5        000000
__Ltext50                                       text50       000000
__Ltext51                                       text51       000000
__Ltext53                                       text53       000000
__Ltext54                                       text54       000000
__Ltext55                                       text55       000000
__Ltext56                                       text56       000000
__Ltext57                                       text57       000000
__Ltext58                                       text58       000000
__Ltext59                                       text59       000000
__Ltext6                                        text6        000000
__Ltext60                                       text60       000000
__Ltext61                                       text61       000000
__Ltext62                                       text62       000000
__Ltext63                                       text63       000000
__Ltext64                                       text64       000000
__Ltext65                                       text65       000000
__Ltext66                                       text66       000000
__Ltext67                                       text67       000000
__Ltext68                                       text68       000000
__Ltext69                                       text69       000000
__Ltext7                                        text7        000000
__Ltext70                                       text70       000000
__Ltext71                                       text71       000000
__Ltext8                                        text8        000000
__Ltext9                                        text9        000000
__S0                                            (abs)        0035C4
__S1                                            (abs)        000180
__S4                                            (abs)        000000
__S5                                            (abs)        000000
___fladd                                        text17       001242
___fladd@a                                      cstackCOMRAM 00000A
___fladd@aexp                                   cstackCOMRAM 000013
___fladd@b                                      cstackCOMRAM 000006
___fladd@bexp                                   cstackCOMRAM 000014
___fladd@grs                                    cstackCOMRAM 000015
___fladd@signs                                  cstackCOMRAM 000012
___fldiv                                        text20       001B2C
___fldiv@a                                      cstackCOMRAM 00000A
___fldiv@aexp                                   cstackCOMRAM 00001E
___fldiv@b                                      cstackCOMRAM 000006
___fldiv@bexp                                   cstackCOMRAM 00001D
___fldiv@grs                                    cstackCOMRAM 000019
___fldiv@new_exp                                cstackCOMRAM 000017
___fldiv@rem                                    cstackCOMRAM 000012
___fldiv@sign                                   cstackCOMRAM 000016
___fleq                                         text19       002C74
___fleq@ff1                                     cstackCOMRAM 000006
___fleq@ff2                                     cstackCOMRAM 00000A
___flge                                         text29       0027F2
___flge@ff1                                     cstackCOMRAM 00002D
___flge@ff2                                     cstackCOMRAM 000031
___flmul                                        text27       001702
___flmul@a                                      cstackCOMRAM 000018
___flmul@aexp                                   cstackCOMRAM 000021
___flmul@b                                      cstackCOMRAM 000014
___flmul@bexp                                   cstackCOMRAM 000026
___flmul@grs                                    cstackCOMRAM 000022
___flmul@prod                                   cstackCOMRAM 000027
___flmul@sign                                   cstackCOMRAM 000020
___flmul@temp                                   cstackCOMRAM 00002B
___flneg                                        text18       00322A
___flneg@f1                                     cstackCOMRAM 000006
___flsub                                        text16       003058
___flsub@a                                      cstackCOMRAM 000031
___flsub@b                                      cstackCOMRAM 00002D
___fltol                                        text15       0026EC
___fltol@exp1                                   cstackCOMRAM 00000F
___fltol@f1                                     cstackCOMRAM 000006
___fltol@sign1                                  cstackCOMRAM 00000E
___fpclassifyf                                  text14       0028F6
___fpclassifyf@F465                             bssBANK0     0000EA
___fpclassifyf@e                                cstackCOMRAM 00000E
___fpclassifyf@u                                cstackCOMRAM 000010
___fpclassifyf@x                                cstackCOMRAM 000006
___heap_hi                                      (abs)        000000
___heap_lo                                      (abs)        000000
___inthi_sp                                     stack        000000
___intlo_sp                                     stack        000000
___param_bank                                   (abs)        000000
___rparam_used                                  (abs)        000001
___sp                                           stack        000000
___wmul                                         text24       003464
___wmul@multiplicand                            cstackCOMRAM 000008
___wmul@multiplier                              cstackCOMRAM 000006
___wmul@product                                 cstackCOMRAM 00000A
___xxtofl                                       text26       0023EE
___xxtofl@arg                                   cstackCOMRAM 000010
___xxtofl@exp                                   cstackCOMRAM 00000F
___xxtofl@sign                                  cstackCOMRAM 00000E
___xxtofl@val                                   cstackCOMRAM 000006
__accesstop                                     (abs)        000060
__activetblptr                                  (abs)        000002
__end_of_ADC_GetConversionResult                text34       003520
__end_of_ADC_Initialize                         text51       0034F8
__end_of_ADC_IsConversionDone                   text33       00350C
__end_of_ADC_SelectChannel                      text32       0034E2
__end_of_ADC_StartConversion                    text31       0035B6
__end_of_EUSART1_DefaultErrorHandler            text69       0035B2
__end_of_EUSART1_DefaultFramingErrorHandler     text68       0035C4
__end_of_EUSART1_DefaultOverrunErrorHandler     text67       0035AC
__end_of_EUSART1_Initialize                     text45       002EA2
__end_of_EUSART1_Receive_ISR                    text66       002BB0
__end_of_EUSART1_RxDataHandler                  text70       003414
__end_of_EUSART1_SetErrorHandler                text50       003596
__end_of_EUSART1_SetFramingErrorHandler         text49       00358C
__end_of_EUSART1_SetOverrunErrorHandler         text48       003582
__end_of_EUSART1_SetRxInterruptHandler          text47       003578
__end_of_EUSART1_SetTxInterruptHandler          text46       00356E
__end_of_EUSART1_Transmit_ISR                   text65       00322A
__end_of_EUSART1_Write                          text10       002FB6
__end_of_EXT_INT_Initialize                     text41       00329A
__end_of_INT0_CallBack                          text63       0033BE
__end_of_INT0_DefaultInterruptHandler           text64       0035C2
__end_of_INT0_ISR                               text62       003464
__end_of_INT0_SetInterruptHandler               text44       003564
__end_of_INT1_CallBack                          text60       00338E
__end_of_INT1_DefaultInterruptHandler           text61       0035C0
__end_of_INT1_ISR                               text59       0035A6
__end_of_INT1_SetInterruptHandler               text43       00355A
__end_of_INT2_CallBack                          text57       00335E
__end_of_INT2_DefaultInterruptHandler           text58       0035BE
__end_of_INT2_ISR                               text56       00359E
__end_of_INT2_SetInterruptHandler               text42       003550
__end_of_INTERRUPT_Initialize                   text40       0035BA
__end_of_INTERRUPT_InterruptManager             intcode      000144
__end_of_OSCILLATOR_Initialize                  text39       003532
__end_of_PIN_MANAGER_Initialize                 text38       00316A
__end_of_SYSTEM_Initialize                      text35       0034CA
__end_of_TMR0_CallBack                          text54       00332E
__end_of_TMR0_DefaultInterruptHandler           text55       0035BC
__end_of_TMR0_ISR                               text53       0032FE
__end_of_TMR0_Initialize                        text36       0034AC
__end_of_TMR0_SetInterruptHandler               text37       003546
__end_of___fladd                                text17       001702
__end_of___fldiv                                text20       001EC6
__end_of___fleq                                 text19       002D1E
__end_of___flge                                 text29       0028F6
__end_of___flmul                                text27       001B2C
__end_of___flneg                                text18       003262
__end_of___flsub                                text16       00309E
__end_of___fltol                                text15       0027F2
__end_of___fpclassifyf                          text14       0029F4
__end_of___wmul                                 text24       00348A
__end_of___xxtofl                               text26       0025A2
__end_of__initialization                        cinit        0032BE
__end_of_adcCal                                 text30       0031EA
__end_of_adcMax                                 text28       002C74
__end_of_atoi                                   text21       0026EC
__end_of_convertValue                           text25       002F60
__end_of_efgtoa                                 text4        001242
__end_of_floorf                                 text13       0023EE
__end_of_fputc                                  text8        002DB4
__end_of_fputs                                  text7        003128
__end_of_isdigit                                text23       0033EA
__end_of_isspace                                text22       0030E4
__end_of_labs                                   text12       002F08
__end_of_main                                   text0        002AEA
__end_of_memcpy                                 text11       003058
__end_of_pad                                    text6        002E2E
__end_of_printf                                 text1        00343C
__end_of_putch                                  text9        00353C
__end_of_strcpy                                 text5        0031AA
__end_of_vfpfcnvrt                              text3        0021DC
__end_of_vfprintf                               text2        003008
__initialization                                cinit        00329A
__mediumconst                                   mediumconst  000000
__pbssBANK0                                     bssBANK0     0000E6
__pbssBANK1                                     bssBANK1     000100
__pbssCOMRAM                                    bssCOMRAM    000050
__pcinit                                        cinit        00329A
__pcstackBANK0                                  cstackBANK0  000060
__pcstackCOMRAM                                 cstackCOMRAM 000001
__pintcode                                      intcode      000008
__pnvBANK0                                      nvBANK0      0000D4
__pnvCOMRAM                                     nvCOMRAM     000058
__psmallconst                                   smallconst   000800
__ptext0                                        text0        0029F4
__ptext1                                        text1        003414
__ptext10                                       text10       002F60
__ptext11                                       text11       003008
__ptext12                                       text12       002EA2
__ptext13                                       text13       0021DC
__ptext14                                       text14       0028F6
__ptext15                                       text15       0026EC
__ptext16                                       text16       003058
__ptext17                                       text17       001242
__ptext18                                       text18       00322A
__ptext19                                       text19       002C74
__ptext2                                        text2        002FB6
__ptext20                                       text20       001B2C
__ptext21                                       text21       0025A2
__ptext22                                       text22       00309E
__ptext23                                       text23       0033BE
__ptext24                                       text24       003464
__ptext25                                       text25       002F08
__ptext26                                       text26       0023EE
__ptext27                                       text27       001702
__ptext28                                       text28       002BB0
__ptext29                                       text29       0027F2
__ptext3                                        text3        001EC6
__ptext30                                       text30       0031AA
__ptext31                                       text31       0035B2
__ptext32                                       text32       0034CA
__ptext33                                       text33       0034F8
__ptext34                                       text34       00350C
__ptext35                                       text35       0034AC
__ptext36                                       text36       00348A
__ptext37                                       text37       00353C
__ptext38                                       text38       003128
__ptext39                                       text39       003520
__ptext4                                        text4        000822
__ptext40                                       text40       0035B6
__ptext41                                       text41       003262
__ptext42                                       text42       003546
__ptext43                                       text43       003550
__ptext44                                       text44       00355A
__ptext45                                       text45       002E2E
__ptext46                                       text46       003564
__ptext47                                       text47       00356E
__ptext48                                       text48       003578
__ptext49                                       text49       003582
__ptext5                                        text5        00316A
__ptext50                                       text50       00358C
__ptext51                                       text51       0034E2
__ptext53                                       text53       0032CC
__ptext54                                       text54       0032FE
__ptext55                                       text55       0035BA
__ptext56                                       text56       003596
__ptext57                                       text57       00332E
__ptext58                                       text58       0035BC
__ptext59                                       text59       00359E
__ptext6                                        text6        002DB4
__ptext60                                       text60       00335E
__ptext61                                       text61       0035BE
__ptext62                                       text62       00343C
__ptext63                                       text63       00338E
__ptext64                                       text64       0035C0
__ptext65                                       text65       0031EA
__ptext66                                       text66       002AEA
__ptext67                                       text67       0035A6
__ptext68                                       text68       0035C2
__ptext69                                       text69       0035AC
__ptext7                                        text7        0030E4
__ptext70                                       text70       0033EA
__ptext71                                       text71       000000
__ptext8                                        text8        002D1E
__ptext9                                        text9        003532
__ramtop                                        ramtop       000800
__smallconst                                    smallconst   000800
_adcCal                                         text30       0031AA
_adcMax                                         text28       002BB0
_atoi                                           text21       0025A2
_cnt                                            bssCOMRAM    000057
_convertValue                                   text25       002F08
_count                                          bssBANK0     0000F4
_dbuf                                           bssBANK1     000130
_efgtoa                                         text4        000822
_efgtoa$1822                                    cstackBANK0  000066
_eusart1RxBuffer                                bssBANK1     000110
_eusart1RxCount                                 bssCOMRAM    000051
_eusart1RxHead                                  bssCOMRAM    000053
_eusart1RxLastError                             bssCOMRAM    000050
_eusart1RxStatusBuffer                          bssBANK1     000100
_eusart1RxTail                                  bssCOMRAM    000052
_eusart1TxBuffer                                bssBANK1     000120
_eusart1TxBufferRemaining                       nvCOMRAM     000058
_eusart1TxHead                                  bssCOMRAM    000055
_eusart1TxTail                                  bssCOMRAM    000054
_flags                                          bssBANK0     0000F6
_floorf                                         text13       0021DC
_fputc                                          text8        002D1E
_fputs                                          text7        0030E4
_isdigit                                        text23       0033BE
_isspace                                        text22       00309E
_isspace$1900                                   cstackCOMRAM 00000A
_labs                                           text12       002EA2
_main                                           text0        0029F4
_memcpy                                         text11       003008
_pad                                            text6        002DB4
_prec                                           bssBANK0     0000F0
_printf                                         text1        003414
_putch                                          text9        003532
_strcpy                                         text5        00316A
_timer0ReloadVal                                bssCOMRAM    000056
_vfpfcnvrt                                      text3        001EC6
_vfprintf                                       text2        002FB6
_width                                          bssBANK0     0000EE
adcMax@i                                        cstackCOMRAM 00003D
adcMax@maxNo                                    cstackCOMRAM 000039
atoi@n                                          cstackCOMRAM 000013
atoi@neg                                        cstackCOMRAM 000011
atoi@s                                          cstackCOMRAM 00000C
btemp                                           temp         000059
convertValue@val                                cstackCOMRAM 00002D
efgtoa@c                                        cstackCOMRAM 00003F
efgtoa@d                                        cstackBANK0  00006B
efgtoa@e                                        cstackBANK0  00006F
efgtoa@f                                        cstackCOMRAM 00003B
efgtoa@fp                                       cstackCOMRAM 000039
efgtoa@g                                        cstackBANK0  000082
efgtoa@h                                        cstackBANK0  000079
efgtoa@i                                        cstackBANK0  000077
efgtoa@l                                        cstackBANK0  00007D
efgtoa@m                                        cstackBANK0  00006D
efgtoa@mode                                     cstackBANK0  000069
efgtoa@n                                        cstackBANK0  000086
efgtoa@ne                                       cstackBANK0  000060
efgtoa@nmode                                    cstackBANK0  00006A
efgtoa@ou                                       cstackBANK0  000073
efgtoa@p                                        cstackBANK0  000062
efgtoa@pp                                       cstackBANK0  000068
efgtoa@sign                                     cstackBANK0  000081
efgtoa@t                                        cstackBANK0  000064
efgtoa@u                                        cstackBANK0  000088
efgtoa@w                                        cstackBANK0  000071
end_of_initialization                           cinit        0032BE
floorf@F526                                     bssBANK0     0000E6
floorf@e                                        cstackCOMRAM 00002D
floorf@m                                        cstackCOMRAM 000029
floorf@u                                        cstackCOMRAM 00002F
floorf@x                                        cstackCOMRAM 00001F
fputc@c                                         cstackCOMRAM 000008
fputc@fp                                        cstackCOMRAM 00000A
fputs@c                                         cstackCOMRAM 000015
fputs@fp                                        cstackCOMRAM 000013
fputs@i                                         cstackCOMRAM 000016
fputs@s                                         cstackCOMRAM 000011
int$flags                                       temp         000059
intlevel0                                       text         000000
intlevel1                                       text         000000
intlevel2                                       text         000000
intlevel3                                       text         000000
isa$std                                         (abs)        000001
isa$xinst                                       (abs)        000000
isdigit@c                                       cstackCOMRAM 000006
isspace@c                                       cstackCOMRAM 000006
labs@a                                          cstackCOMRAM 000006
main@adcArray                                   cstackBANK0  0000A4
main@adcVal                                     cstackBANK0  0000D0
main@i                                          cstackBANK0  0000D2
main@max_1105                                   cstackBANK0  0000CC
memcpy@d                                        cstackCOMRAM 00000D
memcpy@d1                                       cstackCOMRAM 000006
memcpy@n                                        cstackCOMRAM 00000A
memcpy@s                                        cstackCOMRAM 00000F
memcpy@s1                                       cstackCOMRAM 000008
memcpy@tmp                                      cstackCOMRAM 00000C
pad@buf                                         cstackCOMRAM 00001A
pad@fp                                          cstackCOMRAM 000018
pad@i                                           cstackCOMRAM 00001F
pad@p                                           cstackCOMRAM 00001C
pad@w                                           cstackCOMRAM 000021
printf@ap                                       cstackBANK0  0000A0
printf@fmt                                      cstackBANK0  00009A
putch@txData                                    cstackCOMRAM 000007
stackhi                                         (abs)        000000
stacklo                                         (abs)        000000
start                                           init         000144
start_initialization                            cinit        00329A
strcpy@d                                        cstackCOMRAM 00000C
strcpy@dest                                     cstackCOMRAM 000006
strcpy@s                                        cstackCOMRAM 00000A
strcpy@src                                      cstackCOMRAM 000008
ttemp5                                          temp         00005A
ttemp6                                          temp         00005D
ttemp7                                          temp         000061
vfpfcnvrt@ap                                    cstackBANK0  000090
vfpfcnvrt@c                                     cstackCOMRAM 00004D
vfpfcnvrt@convarg                               cstackCOMRAM 000045
vfpfcnvrt@cp                                    cstackCOMRAM 00004E
vfpfcnvrt@fmt                                   cstackBANK0  00008E
vfpfcnvrt@fp                                    cstackBANK0  00008C
vfprintf@ap                                     cstackBANK0  000096
vfprintf@cfmt                                   cstackBANK0  000098
vfprintf@fmt                                    cstackBANK0  000094
vfprintf@fp                                     cstackBANK0  000092
wtemp8                                          temp         00005A


MODULE INFORMATION

Module		Function		Class		Link	Load	Size
C:\Program Files\Microchip\xc8\v2.40\pic\sources\c99\common\sprcmul.c
		___flmul       		CODE           	1702	0000	1066

C:\Program Files\Microchip\xc8\v2.40\pic\sources\c99\common\sprcmul.c estimated size: 1066

C:\Program Files\Microchip\xc8\v2.40\pic\sources\c99\common\nf_fputc.c
		_fputc         		CODE           	2D1E	0000	150

C:\Program Files\Microchip\xc8\v2.40\pic\sources\c99\common\nf_fputc.c estimated size: 150

C:\Program Files\Microchip\xc8\v2.40\pic\sources\c99\common\sprcdiv.c
		___fldiv       		CODE           	1B2C	0000	922

C:\Program Files\Microchip\xc8\v2.40\pic\sources\c99\common\sprcdiv.c estimated size: 922

C:\Program Files\Microchip\xc8\v2.40\pic\sources\c99\common\memcpy.c
		_memcpy        		CODE           	3008	0000	80

C:\Program Files\Microchip\xc8\v2.40\pic\sources\c99\common\memcpy.c estimated size: 80

C:\Program Files\Microchip\xc8\v2.40\pic\sources\c99\common\fltol.c
		___fltol       		CODE           	26EC	0000	262

C:\Program Files\Microchip\xc8\v2.40\pic\sources\c99\common\fltol.c estimated size: 262

C:\Program Files\Microchip\xc8\v2.40\pic\sources\c99\common\isspace.c
		_isspace       		CODE           	309E	0000	70

C:\Program Files\Microchip\xc8\v2.40\pic\sources\c99\common\isspace.c estimated size: 70

C:\Program Files\Microchip\xc8\v2.40\pic\sources\c99\common\atoi.c
		_atoi          		CODE           	25A2	0000	330

C:\Program Files\Microchip\xc8\v2.40\pic\sources\c99\common\atoi.c estimated size: 330

C:\Program Files\Microchip\xc8\v2.40\pic\sources\c99\common\Umul16.c
		___wmul        		CODE           	3464	0000	38

C:\Program Files\Microchip\xc8\v2.40\pic\sources\c99\common\Umul16.c estimated size: 38

C:\Program Files\Microchip\xc8\v2.40\pic\sources\c99\common\fleq.c
		___fleq        		CODE           	2C74	0000	170

C:\Program Files\Microchip\xc8\v2.40\pic\sources\c99\common\fleq.c estimated size: 170

mcc_generated_files/interrupt_manager.c
		_INTERRUPT_Initialize		CODE           	35B6	0000	4
		_INTERRUPT_InterruptManager		CODE           	0008	0000	316

mcc_generated_files/interrupt_manager.c estimated size: 320

mcc_generated_files/tmr0.c
		_TMR0_SetInterruptHandler		CODE           	353C	0000	10
		_TMR0_DefaultInterruptHandler		CODE           	35BA	0000	2
		_TMR0_CallBack 		CODE           	32FE	0000	48
		_TMR0_ISR      		CODE           	32CC	0000	50
		_TMR0_Initialize		CODE           	348A	0000	34

mcc_generated_files/tmr0.c estimated size: 144

C:\Program Files\Microchip\xc8\v2.40\pic\sources\c99\common\printf.c
		_printf        		CODE           	3414	0000	40

C:\Program Files\Microchip\xc8\v2.40\pic\sources\c99\common\printf.c estimated size: 40

C:\Program Files\Microchip\xc8\v2.40\pic\sources\c99\common\__fpclassifyf.c
		___fpclassifyf 		CODE           	28F6	0000	254

C:\Program Files\Microchip\xc8\v2.40\pic\sources\c99\common\__fpclassifyf.c estimated size: 254

mcc_generated_files/pin_manager.c
		_PIN_MANAGER_Initialize		CODE           	3128	0000	66

mcc_generated_files/pin_manager.c estimated size: 66

C:\Program Files\Microchip\xc8\v2.40\pic\sources\c99\common\isdigit.c
		_isdigit       		CODE           	33BE	0000	44

C:\Program Files\Microchip\xc8\v2.40\pic\sources\c99\common\isdigit.c estimated size: 44

C:\Program Files\Microchip\xc8\v2.40\pic\sources\c99\common\sprcadd.c
		___flsub       		CODE           	3058	0000	70
		___fladd       		CODE           	1242	0000	1216

C:\Program Files\Microchip\xc8\v2.40\pic\sources\c99\common\sprcadd.c estimated size: 1286

C:\Program Files\Microchip\xc8\v2.40\pic\sources\c99\common\floorf.c
		_floorf        		CODE           	21DC	0000	530

C:\Program Files\Microchip\xc8\v2.40\pic\sources\c99\common\floorf.c estimated size: 530

mcc_generated_files/adc.c
		_ADC_Initialize		CODE           	34E2	0000	22
		_ADC_IsConversionDone		CODE           	34F8	0000	20
		_ADC_GetConversionResult		CODE           	350C	0000	20
		_ADC_StartConversion		CODE           	35B2	0000	4
		_ADC_SelectChannel		CODE           	34CA	0000	24

mcc_generated_files/adc.c estimated size: 90

C:\Program Files\Microchip\xc8\v2.40\pic\sources\c99\common\flneg.c
		___flneg       		CODE           	322A	0000	56

C:\Program Files\Microchip\xc8\v2.40\pic\sources\c99\common\flneg.c estimated size: 56

C:\Program Files\Microchip\xc8\v2.40\pic\sources\c99\common\labs.c
		_labs          		CODE           	2EA2	0000	102

C:\Program Files\Microchip\xc8\v2.40\pic\sources\c99\common\labs.c estimated size: 102

C:\Program Files\Microchip\xc8\v2.40\pic\sources\c99\common\xxtofl.c
		___xxtofl      		CODE           	23EE	0000	436

C:\Program Files\Microchip\xc8\v2.40\pic\sources\c99\common\xxtofl.c estimated size: 436

mcc_generated_files/ext_int.c
		_INT0_SetInterruptHandler		CODE           	355A	0000	10
		_INT1_SetInterruptHandler		CODE           	3550	0000	10
		_EXT_INT_Initialize		CODE           	3262	0000	56
		_INT2_SetInterruptHandler		CODE           	3546	0000	10
		_INT0_DefaultInterruptHandler		CODE           	35C0	0000	2
		_INT0_CallBack 		CODE           	338E	0000	48
		_INT1_DefaultInterruptHandler		CODE           	35BE	0000	2
		_INT1_CallBack 		CODE           	335E	0000	48
		_INT2_DefaultInterruptHandler		CODE           	35BC	0000	2
		_INT2_CallBack 		CODE           	332E	0000	48
		_INT0_ISR      		CODE           	343C	0000	40
		_INT1_ISR      		CODE           	359E	0000	8
		_INT2_ISR      		CODE           	3596	0000	8

mcc_generated_files/ext_int.c estimated size: 292

C:\Program Files\Microchip\xc8\v2.40\pic\sources\c99\common\nf_fputs.c
		_fputs         		CODE           	30E4	0000	68

C:\Program Files\Microchip\xc8\v2.40\pic\sources\c99\common\nf_fputs.c estimated size: 68

shared
		__initialization		CODE           	329A	0000	36

shared estimated size: 36

mcc_generated_files/eusart1.c
		_EUSART1_SetRxInterruptHandler		CODE           	356E	0000	10
		_EUSART1_SetTxInterruptHandler		CODE           	3564	0000	10
		_EUSART1_Initialize		CODE           	2E2E	0000	116
		_putch         		CODE           	3532	0000	10
		_EUSART1_DefaultErrorHandler		CODE           	35AC	0000	6
		_EUSART1_SetFramingErrorHandler		CODE           	3582	0000	10
		_EUSART1_SetOverrunErrorHandler		CODE           	3578	0000	10
		_EUSART1_SetErrorHandler		CODE           	358C	0000	10
		_EUSART1_Write 		CODE           	2F60	0000	86
		_EUSART1_Receive_ISR		CODE           	2AEA	0000	198
		_EUSART1_RxDataHandler		CODE           	33EA	0000	42
		_EUSART1_DefaultOverrunErrorHandler		CODE           	35A6	0000	6
		_EUSART1_Transmit_ISR		CODE           	31EA	0000	64
		_EUSART1_DefaultFramingErrorHandler		CODE           	35C2	0000	2

mcc_generated_files/eusart1.c estimated size: 580

C:\Program Files\Microchip\xc8\v2.40\pic\sources\c99\common\strcpy.c
		_strcpy        		CODE           	316A	0000	64

C:\Program Files\Microchip\xc8\v2.40\pic\sources\c99\common\strcpy.c estimated size: 64

mcc_generated_files/mcc.c
		_OSCILLATOR_Initialize		CODE           	3520	0000	18
		_SYSTEM_Initialize		CODE           	34AC	0000	30

mcc_generated_files/mcc.c estimated size: 48

C:\Program Files\Microchip\xc8\v2.40\pic\sources\c99\common\flge.c
		___flge        		CODE           	27F2	0000	260

C:\Program Files\Microchip\xc8\v2.40\pic\sources\c99\common\flge.c estimated size: 260

C:\Program Files\Microchip\xc8\v2.40\pic\sources\c99\common\doprnt.c
		_vfpfcnvrt     		CODE           	1EC6	0000	790
		_efgtoa        		CODE           	0822	0000	2592
		_pad           		CODE           	2DB4	0000	122
		_vfprintf      		CODE           	2FB6	0000	82

C:\Program Files\Microchip\xc8\v2.40\pic\sources\c99\common\doprnt.c estimated size: 3586

main.c
		_adcMax        		CODE           	2BB0	0000	196
		_adcCal        		CODE           	31AA	0000	64
		_main          		CODE           	29F4	0000	246
		_convertValue  		CODE           	2F08	0000	88

main.c estimated size: 594

